The Witcher 3: Wild Hunt
Grand Theft Auto V
Red Dead Redemption 2
Minecraft
Valorant
League of Legends
Apex Legends
Call of Duty: Modern Warfare III
EA Sports FC 24
Hogwarts Legacy
Starfield
Diablo IV
God of War
Marvel's Spider-Man Remastered
Forza Horizon 5
Overwatch 2
Rocket League
Terraria
Among Us
Dota 2
PUBG: BATTLEGROUNDS
Tom Clancy's Rainbow Six Siege
Destiny 2
Sekiro: Shadows Die Twice
Dark Souls III
Portal 2
Half-Life: Alyx
Death Stranding
Resident Evil 4
Monster Hunter: World
Persona 5 Royal
Sea of Thieves
No Man's Sky
Fall Guys
It Takes Two
A Way Out
Subnautica
The Sims 4
Assassin's Creed Valhalla
Tomb Raider
Titanfall 2
Warframe
Alan Wake 2
Helldivers 2
Palworld
Black Myth: Wukong
The Last of Us Part I
The Elder Scrolls V: Skyrim
Fallout 4
Batman: Arkham City
Batman: Arkham Knight
BioShock Infinite
Left 4 Dead 2
Half-Life 2
Counter-Strike
World of Warcraft
Doom
DOOM (2016)
StarCraft II
Diablo II
Age of Empires II: Definitive Edition
Warcraft III: Reforged
Half-Life
Deus Ex
Max Payne
Grand Theft Auto: San Andreas
Half-Life: Source
Celeste
Undertale
Cuphead
Braid
Limbo
Ori and the Blind Forest
Ori and the Will of the Wisps
Disco Elysium
Divinity: Original Sin 2
Mass Effect 2
Dragon Age: Origins
Far Cry 3
Assassin's Creed IV: Black Flag
Borderlands 2
The Elder Scrolls Online
Team Fortress 2
Street Fighter 6
Tekken 8
Mortal Kombat 11
Need for Speed Heat
Euro Truck Simulator 2
Cities: Skylines
The Stanley Parable: Ultra Deluxe
Papers, Please
